<?xml version="1.0" encoding="UTF-8"?>
<TestRun id="0d86527c-37f4-43d7-a0c3-f57efa535bf1" name="Mehul@MEHUL-PC 2011-07-01 17:54:02" runUser="Mehul-PC\Mehul" xmlns="http://microsoft.com/schemas/VisualStudio/TeamTest/2010">
  <TestSettings name="Local" id="c24e055d-6e81-4da8-bf23-69164454661b">
    <Description>These are default test settings for a local test run.</Description>
    <Deployment enabled="false" runDeploymentRoot="Mehul_MEHUL-PC 2011-07-01 17_54_02">
      <DeploymentItem filename="D:\development\ZinOS\ZinOS_Prototype\ZinOS.Services\bin\Debug\ZinOS.Services.Definitions.dll" />
      <DeploymentItem filename="D:\development\ZinOS\ZinOS_Prototype\Ninject-2.2.0.0-release-net-4.0\Ninject.dll" />
      <DeploymentItem filename="D:\development\ZinOS\ZinOS_Prototype\ZinOS.Common\bin\Debug\ZinOS.Common.dll" />
      <DeploymentItem filename="D:\development\ZinOS\ZinOS_Prototype\ZinOS.Configuration\bin\Debug\ZinOS.Configuration.dll" />
      <DeploymentItem filename="D:\development\ZinOS\ZinOS_Prototype\ZinOS.Repositories.Definitions\bin\Debug\ZinOS.Repositories.Definitions.dll" />
      <DeploymentItem filename="D:\development\ZinOS\ZinOS_Prototype\ZinOS.Services.Implementation\bin\Debug\ZinOS.Services.Implementation.dll" />
      <DeploymentItem filename="D:\development\ZinOS\ZinOS_Prototype\ZinOS.Repositories.Implementation\bin\Debug\ZinOS.Repositories.Implementation.dll" />
    </Deployment>
    <Execution>
      <TestTypeSpecific />
      <AgentRule name="Execution Agents">
      </AgentRule>
    </Execution>
  </TestSettings>
  <Times creation="2011-07-01T17:54:02.0935407+01:00" queuing="2011-07-01T17:54:11.2810662+01:00" start="2011-07-01T17:54:12.7081478+01:00" finish="2011-07-01T17:54:27.7540084+01:00" />
  <ResultSummary outcome="Failed">
    <Counters total="1" executed="1" error="0" failed="1" timeout="0" aborted="0" inconclusive="0" passedButRunAborted="0" notRunnable="0" notExecuted="0" disconnected="0" warning="0" passed="0" completed="0" inProgress="0" pending="0" />
  </ResultSummary>
  <TestDefinitions>
    <UnitTest name="GetRootDirectories" storage="d:\development\zinos\zinos_prototype\zinossercicestest\bin\debug\zinossercicestest.dll" id="dcdf7aff-19c6-1309-3ca5-1dbb0749a535">
      <Execution id="61b5ed83-f845-413a-a066-5cc99eef3da7" />
      <TestMethod codeBase="D:/development/ZinOS/ZinOS_Prototype/ZinOsSercicesTest/bin/Debug/ZinOsSercicesTest.DLL" adapterTypeName="Microsoft.VisualStudio.TestTools.TestTypes.Unit.UnitTestAdapter, Microsoft.VisualStudio.QualityTools.Tips.UnitTest.Adapter, Version=10.0.0.0, Culture=neutral, PublicKeyToken=b03f5f7f11d50a3a" className="ZinOsSercicesTest.DesktopFileSystemTest, ZinOsSercicesTest, Version=1.0.0.0, Culture=neutral, PublicKeyToken=null" name="GetRootDirectories" />
    </UnitTest>
  </TestDefinitions>
  <TestLists>
    <TestList name="Results Not in a List" id="8c84fa94-04c1-424b-9868-57a2d4851a1d" />
    <TestList name="All Loaded Results" id="19431567-8539-422a-85d7-44ee4e166bda" />
  </TestLists>
  <TestEntries>
    <TestEntry testId="dcdf7aff-19c6-1309-3ca5-1dbb0749a535" executionId="61b5ed83-f845-413a-a066-5cc99eef3da7" testListId="8c84fa94-04c1-424b-9868-57a2d4851a1d" />
  </TestEntries>
  <Results>
    <UnitTestResult executionId="61b5ed83-f845-413a-a066-5cc99eef3da7" testId="dcdf7aff-19c6-1309-3ca5-1dbb0749a535" testName="GetRootDirectories" computerName="MEHUL-PC" duration="00:00:09.4256797" startTime="2011-07-01T17:54:13.2571792+01:00" endTime="2011-07-01T17:54:25.6998909+01:00" testType="13cdc9d9-ddb5-4fa4-a97d-d965ccfc6d4b" outcome="Failed" testListId="8c84fa94-04c1-424b-9868-57a2d4851a1d" relativeResultsDirectory="61b5ed83-f845-413a-a066-5cc99eef3da7">
      <Output>
        <StdOut>Root directories for user 1
root
	Content (\dropbox)</StdOut>
        <ErrorInfo>
          <Message>Test method ZinOsSercicesTest.DesktopFileSystemTest.GetRootDirectories threw exception: 
System.ObjectDisposedException: The ObjectContext instance has been disposed and can no longer be used for operations that require a connection.</Message>
          <StackTrace>    at System.Data.Objects.ObjectContext.EnsureConnection()
   at System.Data.Objects.ObjectQuery`1.GetResults(Nullable`1 forMergeOption)
   at System.Data.Objects.ObjectQuery`1.Execute(MergeOption mergeOption)
   at System.Data.Objects.DataClasses.EntityReference`1.Load(MergeOption mergeOption)
   at System.Data.Objects.DataClasses.RelatedEnd.Load()
   at System.Data.Objects.DataClasses.RelatedEnd.DeferredLoad()
   at System.Data.Objects.Internal.LazyLoadBehavior.LoadProperty[TItem](TItem propertyValue, String relationshipName, String targetRoleName, Boolean mustBeNull, Object wrapperObject)
   at System.Data.Objects.Internal.LazyLoadBehavior.&lt;&gt;c__DisplayClass7`2.&lt;GetInterceptorDelegate&gt;b__2(TProxy proxy, TItem item)
   at System.Data.Entity.DynamicProxies.ZinOSDesktop_599E830D95462CA759D1D44BC23C8244CEFC0D23BE16D17702E562635F2C6269.get_DesktopUser()
   at ZinOS.Services.Implementation.ZinOSDesktopServiceImpl.GetDropboxToken(Int32 desktopId, String&amp; accessToken, String&amp; tokenSecret) in D:\development\ZinOS\ZinOS_Prototype\ZinOS.Services.Implementation\ZinOSDesktopServiceImpl.cs:line 82
   at ZinOS.Services.Implementation.DropboxFileSystemProvider.GetChildrenItems(Int32 desktopId, FileSystemItem parent) in D:\development\ZinOS\ZinOS_Prototype\ZinOS.Services.Implementation\DesktopFileSystem\DropboxFileSystemProvider.cs:line 46
   at ZinOS.Services.Implementation.DesktopFileSystemImpl.GetChildrenItems(Int32 desktopId, FileSystemItem parentfileSystemItem) in D:\development\ZinOS\ZinOS_Prototype\ZinOS.Services.Implementation\DesktopFileSystem\DesktopFileSystemImpl.cs:line 55
   at ZinOsSercicesTest.DesktopFileSystemTest.GetRootDirectories() in D:\development\ZinOS\ZinOS_Prototype\ZinOsSercicesTest\DesktopFileSystem.cs:line 35
</StackTrace>
        </ErrorInfo>
      </Output>
    </UnitTestResult>
  </Results>
</TestRun>